﻿[dotenv@17.3.1] injecting env (2) from .env -- tip: ≡ƒ¢í∩╕Å auth for agents: https://vestauth.com
Testing Mixed Sentiment and Contradiction rules...

node.exe : [PULSE] 
Primary failed (402). 
Trying fallback chain...
At line:1 char:1
+ & "C:\Program 
Files\nodejs/node.exe" 
"C:\Program 
Files\nodejs/node_mo ...
+ ~~~~~~~~~~~~~~~~~~~~~~~~
~~~~~~~~~~~~~~~~~~~~~~~~~~
~~~~~~~~~~~~~~~~~~~
    + CategoryInfo        
      : NotSpecified: ([  
  PULSE] Primary...llba   
 ck chain...:String) [    
], RemoteException
    + FullyQualifiedError 
   Id : NativeCommandErr  
  or
 
[PULSE] google/gemini-2.0-
flash-lite-preview-02-05:f
ree failed.
[PULSE] meta-llama/llama-3
.3-70b-instruct:free 
failed.
[PULSE] qwen/qwen-2.5-72b-
instruct:free failed.
[PULSE] mistralai/mistral-
7b-instruct:free failed.
[Amazing app but crashes] -> NEGATIVE | Detected mixed signals in "Amazing app but crashes". The evaluation prioritized contextual contradiction and negative outcomes over initial positive keywords.
[PULSE] Primary failed 
(402). Trying fallback 
chain...
[PULSE] google/gemini-2.0-
flash-lite-preview-02-05:f
ree failed.
[PULSE] meta-llama/llama-3
.3-70b-instruct:free 
failed.
[PULSE] qwen/qwen-2.5-72b-
instruct:free failed.
[PULSE] mistralai/mistral-
7b-instruct:free failed.
[Works fine but slow] -> NEGATIVE | Detected mixed signals in "Works fine but slow". The evaluation prioritized contextual contradiction and negative outcomes over initial positive keywords.
[PULSE] Primary failed 
(402). Trying fallback 
chain...
[PULSE] google/gemini-2.0-
flash-lite-preview-02-05:f
ree failed.
[PULSE] meta-llama/llama-3
.3-70b-instruct:free 
failed.
[PULSE] qwen/qwen-2.5-72b-
instruct:free failed.
[PULSE] mistralai/mistral-
7b-instruct:free failed.
[Not bad] -> NEUTRAL | Analysis of "Not bad" processed natively as a neutral-to-positive statement ("not bad").
[PULSE] Primary failed 
(402). Trying fallback 
chain...
[PULSE] google/gemini-2.0-
flash-lite-preview-02-05:f
ree failed.
[PULSE] meta-llama/llama-3
.3-70b-instruct:free 
failed.
[PULSE] qwen/qwen-2.5-72b-
instruct:free failed.
[PULSE] mistralai/mistral-
7b-instruct:free failed.
[Could be better] -> NEGATIVE | Analysis of "Could be better" indicates mild dissatisfaction or disappointed expectations.
[PULSE] Primary failed 
(402). Trying fallback 
chain...
[PULSE] google/gemini-2.0-
flash-lite-preview-02-05:f
ree failed.
[PULSE] meta-llama/llama-3
.3-70b-instruct:free 
failed.
[PULSE] qwen/qwen-2.5-72b-
instruct:free failed.
[PULSE] mistralai/mistral-
7b-instruct:free failed.
[I like it but has issues] -> NEGATIVE | Detected mixed signals in "I like it but has issues". The evaluation prioritized contextual contradiction and negative outcomes over initial positive keywords.
[PULSE] Primary failed 
(402). Trying fallback 
chain...
[PULSE] google/gemini-2.0-
flash-lite-preview-02-05:f
ree failed.
[PULSE] meta-llama/llama-3
.3-70b-instruct:free 
failed.
[PULSE] qwen/qwen-2.5-72b-
instruct:free failed.
[PULSE] mistralai/mistral-
7b-instruct:free failed.
[Great app it crashes] -> NEGATIVE | Detected mixed signals in "Great app it crashes". The evaluation prioritized contextual contradiction and negative outcomes over initial positive keywords.
